
--------------------- ADD  ---------------------
size=   2048k | operation= add  | time=  0.47 ms
size=   4096k | operation= add  | time=  0.99 ms
size=   8192k | operation= add  | time=  2.03 ms
size=  16384k | operation= add  | time=  3.05 ms
size=  32768k | operation= add  | time=  6.43 ms
size=  65536k | operation= add  | time= 13.07 ms

--------------------- SUB  ---------------------
size=   2048k | operation= sub  | time=  0.41 ms
size=   4096k | operation= sub  | time=  0.80 ms
size=   8192k | operation= sub  | time=  1.59 ms
size=  16384k | operation= sub  | time=  3.24 ms
size=  32768k | operation= sub  | time=  6.64 ms
size=  65536k | operation= sub  | time= 13.46 ms

--------------------- IADD ---------------------
size=   2048k | operation= iadd | time=  0.36 ms
size=   4096k | operation= iadd | time=  0.66 ms
size=   8192k | operation= iadd | time=  1.36 ms
size=  16384k | operation= iadd | time=  2.74 ms
size=  32768k | operation= iadd | time=  5.86 ms
size=  65536k | operation= iadd | time= 10.68 ms

--------------------- MUL  ---------------------
size=   2048k | operation= mul  | time=  0.41 ms
size=   4096k | operation= mul  | time=  0.77 ms
size=   8192k | operation= mul  | time=  1.58 ms
size=  16384k | operation= mul  | time=  3.23 ms
size=  32768k | operation= mul  | time=  6.45 ms
size=  65536k | operation= mul  | time= 13.52 ms

--------------------- IMUL ---------------------
size=   2048k | operation= imul | time=  0.42 ms
size=   4096k | operation= imul | time=  0.83 ms
size=   8192k | operation= imul | time=  1.62 ms
size=  16384k | operation= imul | time=  3.26 ms
size=  32768k | operation= imul | time=  7.85 ms
size=  65536k | operation= imul | time= 13.25 ms
